Copyright 1986-2022 Xilinx, Inc. All Rights Reserved. Copyright 2022-2026 Advanced Micro Devices, Inc. All Rights Reserved.
---------------------------------------------------------------------------------------------------------------------------------------------
| Tool Version : Vivado v.2026.1 (win64) Build 6511674 Tue Jun 16 11:02:23 MDT 2026
| Date         : Mon Sep 28 16:30:41 2026
| Host         : DESKTOP-0HMDJIE running 64-bit major release  (build 9200)
| Command      : report_control_sets -verbose -file js05_top_control_sets_placed.rpt
| Design       : js05_top
| Device       : xc7a35t
---------------------------------------------------------------------------------------------------------------------------------------------

Control Set Information

Table of Contents
-----------------
1. Summary
2. Histogram
3. Flip-Flop Distribution
4. Detailed Control Set Information

1. Summary
----------

+----------------------------------------------------------+-------+
|                          Status                          | Count |
+----------------------------------------------------------+-------+
| Total control sets                                       |     7 |
|    Minimum number of control sets                        |     7 |
|    Addition due to synthesis replication                 |     0 |
|    Addition due to physical synthesis replication        |     0 |
| Unused register locations in slices containing registers |    22 |
+----------------------------------------------------------+-------+
* Control sets can be merged at opt_design using control_set_merge or merge_equivalent_drivers
** Run report_qor_suggestions for automated merging and remapping suggestions


2. Histogram
------------

+--------------------+-------+
|       Fanout       | Count |
+--------------------+-------+
| Total control sets |     7 |
| >= 0 to < 4        |     1 |
| >= 4 to < 6        |     0 |
| >= 6 to < 8        |     0 |
| >= 8 to < 10       |     0 |
| >= 10 to < 12      |     0 |
| >= 12 to < 14      |     1 |
| >= 14 to < 16      |     0 |
| >= 16              |     5 |
+--------------------+-------+
* Control sets can be remapped at either synth_design or opt_design


3. Flip-Flop Distribution
-------------------------

+--------------+-----------------------+------------------------+-----------------+--------------+
| Clock Enable | Synchronous Set/Reset | Asynchronous Set/Reset | Total Registers | Total Slices |
+--------------+-----------------------+------------------------+-----------------+--------------+
| No           | No                    | No                     |              12 |            6 |
| No           | No                    | Yes                    |               0 |            0 |
| No           | Yes                   | No                     |              76 |           19 |
| Yes          | No                    | No                     |               2 |            1 |
| Yes          | No                    | Yes                    |               0 |            0 |
| Yes          | Yes                   | No                     |              16 |            4 |
+--------------+-----------------------+------------------------+-----------------+--------------+


4. Detailed Control Set Information
-----------------------------------

+----------------+---------------------------+---------------------------+------------------+----------------+--------------+
|  Clock Signal  |       Enable Signal       |      Set/Reset Signal     | Slice Load Count | Bel Load Count | Bels / Slice |
+----------------+---------------------------+---------------------------+------------------+----------------+--------------+
|  clk_IBUF_BUFG | disp/tick_cnt[16]_i_1_n_0 |                           |                1 |              2 |         2.00 |
|  clk_IBUF_BUFG |                           |                           |                6 |             12 |         2.00 |
|  clk_IBUF_BUFG |                           | disp/tick_cnt[16]_i_1_n_0 |                4 |             16 |         4.00 |
|  clk_IBUF_BUFG | deb_d/cnt[0]              | deb_c/stable              |                4 |             16 |         4.00 |
|  clk_IBUF_BUFG |                           | deb_c/cnt[0]_i_1__2_n_0   |                5 |             20 |         4.00 |
|  clk_IBUF_BUFG |                           | deb_d/cnt[0]_i_1__1_n_0   |                5 |             20 |         4.00 |
|  clk_IBUF_BUFG |                           | deb_u/cnt[0]_i_1__0_n_0   |                5 |             20 |         4.00 |
+----------------+---------------------------+---------------------------+------------------+----------------+--------------+


